2026-09-27 11:12:48.249: [INFO] CurrentProfilePath: C:\Users\Dmaity\Desktop\asphalt\edge-cdp-race\Default
2026-09-27 11:12:48.249: [INFO] Profiles total count: 1
2026-09-27 11:12:48.249: [INFO] Profile: name=Profile 1 path=C:\Users\Dmaity\Desktop\asphalt\edge-cdp-race\Default lastActive=null
2026-09-27 11:12:48.249: [INFO] LastUsedProfileDir: C:\Users\Dmaity\Desktop\asphalt\edge-cdp-race\Default
2026-09-27 11:12:48.249: [INFO] VisibilityChanged: 0
2026-09-27 11:12:48.276: [INFO] RecordSyncInitDuration has_sync_been_enabled: 0 state: 0
2026-09-27 11:12:48.279: [INFO] RecordSyncInitDuration has_sync_been_enabled: 0 state: 0
2026-09-27 11:12:48.281: [INFO] RecordSyncInitDuration has_sync_been_enabled: 0 state: 0
2026-09-27 11:12:48.284: [INFO] RecordSyncInitDuration has_sync_been_enabled: 0 state: 0
2026-09-27 11:12:48.287: [INFO] RecordSyncInitDuration has_sync_been_enabled: 0 state: 0
2026-09-27 11:12:48.289: [INFO] RecordSyncInitDuration has_sync_been_enabled: 0 state: 0
2026-09-27 11:12:48.293: [INFO] RecordSyncInitDuration has_sync_been_enabled: 0 state: 0
2026-09-27 11:12:48.296: [INFO] RecordSyncInitDuration has_sync_been_enabled: 0 state: 0
2026-09-27 11:12:48.300: [INFO] RecordSyncInitDuration has_sync_been_enabled: 0 state: 0
2026-09-27 11:12:48.303: [INFO] RecordSyncInitDuration has_sync_been_enabled: 0 state: 0
2026-09-27 11:12:48.324: [INFO] BookmarkNodeAdded, ABU: 0
2026-09-27 11:12:48.324: [INFO] BookmarkNodeAdded, ABU: 0
2026-09-27 11:12:48.325: [INFO] BookmarkNodeAdded, ABU: 0
2026-09-27 11:12:48.325: [INFO] BookmarkNodeAdded, ABU: 0
2026-09-27 11:12:48.325: [INFO] OnDoneLoading sync enabled: 0
2026-09-27 11:12:48.325: [INFO] BookmarkModelLoaded, ids_reassigned: 0
2026-09-27 11:12:48.325: [INFO] BookmarksLoadDropped droppedNodes=0
2026-09-27 11:12:48.325: [INFO] BookmarksSnapshot Startup total=4 bar=4 other=0 mobile=0 showBar=0 showBarNTP=1
2026-09-27 11:12:48.331: [INFO] RecordSyncInitDuration has_sync_been_enabled: 0 state: 0
