2026-09-27 11:28:46.742: [INFO] CurrentProfilePath: C:\Users\Dmaity\Desktop\asphalt\edge-control-check\Default
2026-09-27 11:28:46.742: [INFO] Profiles total count: 1
2026-09-27 11:28:46.742: [INFO] Profile: name=Profile 1 path=C:\Users\Dmaity\Desktop\asphalt\edge-control-check\Default lastActive=null
2026-09-27 11:28:46.742: [INFO] LastUsedProfileDir: C:\Users\Dmaity\Desktop\asphalt\edge-control-check\Default
2026-09-27 11:28:46.742: [INFO] VisibilityChanged: 0
2026-09-27 11:28:46.764: [INFO] RecordSyncInitDuration has_sync_been_enabled: 0 state: 0
2026-09-27 11:28:46.766: [INFO] RecordSyncInitDuration has_sync_been_enabled: 0 state: 0
2026-09-27 11:28:46.768: [INFO] RecordSyncInitDuration has_sync_been_enabled: 0 state: 0
2026-09-27 11:28:46.771: [INFO] RecordSyncInitDuration has_sync_been_enabled: 0 state: 0
2026-09-27 11:28:46.773: [INFO] RecordSyncInitDuration has_sync_been_enabled: 0 state: 0
2026-09-27 11:28:46.775: [INFO] RecordSyncInitDuration has_sync_been_enabled: 0 state: 0
2026-09-27 11:28:46.777: [INFO] RecordSyncInitDuration has_sync_been_enabled: 0 state: 0
2026-09-27 11:28:46.778: [INFO] RecordSyncInitDuration has_sync_been_enabled: 0 state: 0
2026-09-27 11:28:46.780: [INFO] RecordSyncInitDuration has_sync_been_enabled: 0 state: 0
2026-09-27 11:28:46.782: [INFO] RecordSyncInitDuration has_sync_been_enabled: 0 state: 0
2026-09-27 11:28:46.799: [INFO] BookmarkNodeAdded, ABU: 0
2026-09-27 11:28:46.800: [INFO] BookmarkNodeAdded, ABU: 0
2026-09-27 11:28:46.800: [INFO] BookmarkNodeAdded, ABU: 0
2026-09-27 11:28:46.800: [INFO] BookmarkNodeAdded, ABU: 0
2026-09-27 11:28:46.800: [INFO] OnDoneLoading sync enabled: 0
2026-09-27 11:28:46.800: [INFO] BookmarkModelLoaded, ids_reassigned: 0
2026-09-27 11:28:46.800: [INFO] BookmarksLoadDropped droppedNodes=0
2026-09-27 11:28:46.800: [INFO] BookmarksSnapshot Startup total=4 bar=4 other=0 mobile=0 showBar=0 showBarNTP=1
2026-09-27 11:28:46.807: [INFO] RecordSyncInitDuration has_sync_been_enabled: 0 state: 0
