2026-09-27 11:17:46.844: [INFO] CurrentProfilePath: C:\Users\Dmaity\Desktop\asphalt\edge-cdp-race-4\Default
2026-09-27 11:17:46.844: [INFO] Profiles total count: 1
2026-09-27 11:17:46.844: [INFO] Profile: name=Profile 1 path=C:\Users\Dmaity\Desktop\asphalt\edge-cdp-race-4\Default lastActive=null
2026-09-27 11:17:46.844: [INFO] LastUsedProfileDir: C:\Users\Dmaity\Desktop\asphalt\edge-cdp-race-4\Default
2026-09-27 11:17:46.844: [INFO] VisibilityChanged: 0
2026-09-27 11:17:46.867: [INFO] RecordSyncInitDuration has_sync_been_enabled: 0 state: 0
2026-09-27 11:17:46.870: [INFO] RecordSyncInitDuration has_sync_been_enabled: 0 state: 0
2026-09-27 11:17:46.873: [INFO] RecordSyncInitDuration has_sync_been_enabled: 0 state: 0
2026-09-27 11:17:46.876: [INFO] RecordSyncInitDuration has_sync_been_enabled: 0 state: 0
2026-09-27 11:17:46.878: [INFO] RecordSyncInitDuration has_sync_been_enabled: 0 state: 0
2026-09-27 11:17:46.881: [INFO] RecordSyncInitDuration has_sync_been_enabled: 0 state: 0
2026-09-27 11:17:46.884: [INFO] RecordSyncInitDuration has_sync_been_enabled: 0 state: 0
2026-09-27 11:17:46.887: [INFO] RecordSyncInitDuration has_sync_been_enabled: 0 state: 0
2026-09-27 11:17:46.890: [INFO] RecordSyncInitDuration has_sync_been_enabled: 0 state: 0
2026-09-27 11:17:46.893: [INFO] RecordSyncInitDuration has_sync_been_enabled: 0 state: 0
2026-09-27 11:17:46.917: [INFO] BookmarkNodeAdded, ABU: 0
2026-09-27 11:17:46.917: [INFO] BookmarkNodeAdded, ABU: 0
2026-09-27 11:17:46.918: [INFO] BookmarkNodeAdded, ABU: 0
2026-09-27 11:17:46.918: [INFO] BookmarkNodeAdded, ABU: 0
2026-09-27 11:17:46.918: [INFO] OnDoneLoading sync enabled: 0
2026-09-27 11:17:46.918: [INFO] BookmarkModelLoaded, ids_reassigned: 0
2026-09-27 11:17:46.918: [INFO] BookmarksLoadDropped droppedNodes=0
2026-09-27 11:17:46.918: [INFO] BookmarksSnapshot Startup total=4 bar=4 other=0 mobile=0 showBar=0 showBarNTP=1
2026-09-27 11:17:46.923: [INFO] RecordSyncInitDuration has_sync_been_enabled: 0 state: 0
