2026-09-27 11:16:25.631: [INFO] CurrentProfilePath: C:\Users\Dmaity\Desktop\asphalt\edge-cdp-race-3\Default
2026-09-27 11:16:25.631: [INFO] Profiles total count: 1
2026-09-27 11:16:25.631: [INFO] Profile: name=Profile 1 path=C:\Users\Dmaity\Desktop\asphalt\edge-cdp-race-3\Default lastActive=null
2026-09-27 11:16:25.631: [INFO] LastUsedProfileDir: C:\Users\Dmaity\Desktop\asphalt\edge-cdp-race-3\Default
2026-09-27 11:16:25.631: [INFO] VisibilityChanged: 0
2026-09-27 11:16:25.652: [INFO] RecordSyncInitDuration has_sync_been_enabled: 0 state: 0
2026-09-27 11:16:25.654: [INFO] RecordSyncInitDuration has_sync_been_enabled: 0 state: 0
2026-09-27 11:16:25.657: [INFO] RecordSyncInitDuration has_sync_been_enabled: 0 state: 0
2026-09-27 11:16:25.659: [INFO] RecordSyncInitDuration has_sync_been_enabled: 0 state: 0
2026-09-27 11:16:25.662: [INFO] RecordSyncInitDuration has_sync_been_enabled: 0 state: 0
2026-09-27 11:16:25.664: [INFO] RecordSyncInitDuration has_sync_been_enabled: 0 state: 0
2026-09-27 11:16:25.666: [INFO] RecordSyncInitDuration has_sync_been_enabled: 0 state: 0
2026-09-27 11:16:25.669: [INFO] RecordSyncInitDuration has_sync_been_enabled: 0 state: 0
2026-09-27 11:16:25.671: [INFO] RecordSyncInitDuration has_sync_been_enabled: 0 state: 0
2026-09-27 11:16:25.673: [INFO] RecordSyncInitDuration has_sync_been_enabled: 0 state: 0
2026-09-27 11:16:25.694: [INFO] BookmarkNodeAdded, ABU: 0
2026-09-27 11:16:25.695: [INFO] BookmarkNodeAdded, ABU: 0
2026-09-27 11:16:25.695: [INFO] BookmarkNodeAdded, ABU: 0
2026-09-27 11:16:25.696: [INFO] BookmarkNodeAdded, ABU: 0
2026-09-27 11:16:25.696: [INFO] OnDoneLoading sync enabled: 0
2026-09-27 11:16:25.696: [INFO] BookmarkModelLoaded, ids_reassigned: 0
2026-09-27 11:16:25.696: [INFO] BookmarksLoadDropped droppedNodes=0
2026-09-27 11:16:25.696: [INFO] BookmarksSnapshot Startup total=4 bar=4 other=0 mobile=0 showBar=0 showBarNTP=1
2026-09-27 11:16:25.701: [INFO] RecordSyncInitDuration has_sync_been_enabled: 0 state: 0
