2026-09-27 11:29:56.776: [INFO] CurrentProfilePath: C:\Users\Dmaity\Desktop\asphalt\edge-left-check\Default
2026-09-27 11:29:56.776: [INFO] Profiles total count: 1
2026-09-27 11:29:56.776: [INFO] Profile: name=Profile 1 path=C:\Users\Dmaity\Desktop\asphalt\edge-left-check\Default lastActive=null
2026-09-27 11:29:56.776: [INFO] LastUsedProfileDir: C:\Users\Dmaity\Desktop\asphalt\edge-left-check\Default
2026-09-27 11:29:56.776: [INFO] VisibilityChanged: 0
2026-09-27 11:29:56.800: [INFO] RecordSyncInitDuration has_sync_been_enabled: 0 state: 0
2026-09-27 11:29:56.802: [INFO] RecordSyncInitDuration has_sync_been_enabled: 0 state: 0
2026-09-27 11:29:56.804: [INFO] RecordSyncInitDuration has_sync_been_enabled: 0 state: 0
2026-09-27 11:29:56.806: [INFO] RecordSyncInitDuration has_sync_been_enabled: 0 state: 0
2026-09-27 11:29:56.809: [INFO] RecordSyncInitDuration has_sync_been_enabled: 0 state: 0
2026-09-27 11:29:56.811: [INFO] RecordSyncInitDuration has_sync_been_enabled: 0 state: 0
2026-09-27 11:29:56.814: [INFO] RecordSyncInitDuration has_sync_been_enabled: 0 state: 0
2026-09-27 11:29:56.815: [INFO] RecordSyncInitDuration has_sync_been_enabled: 0 state: 0
2026-09-27 11:29:56.818: [INFO] RecordSyncInitDuration has_sync_been_enabled: 0 state: 0
2026-09-27 11:29:56.821: [INFO] RecordSyncInitDuration has_sync_been_enabled: 0 state: 0
2026-09-27 11:29:56.842: [INFO] BookmarkNodeAdded, ABU: 0
2026-09-27 11:29:56.842: [INFO] BookmarkNodeAdded, ABU: 0
2026-09-27 11:29:56.843: [INFO] BookmarkNodeAdded, ABU: 0
2026-09-27 11:29:56.844: [INFO] BookmarkNodeAdded, ABU: 0
2026-09-27 11:29:56.844: [INFO] OnDoneLoading sync enabled: 0
2026-09-27 11:29:56.844: [INFO] BookmarkModelLoaded, ids_reassigned: 0
2026-09-27 11:29:56.844: [INFO] BookmarksLoadDropped droppedNodes=0
2026-09-27 11:29:56.844: [INFO] BookmarksSnapshot Startup total=4 bar=4 other=0 mobile=0 showBar=0 showBarNTP=1
2026-09-27 11:29:56.939: [INFO] RecordSyncInitDuration has_sync_been_enabled: 0 state: 0
