2026-09-27 11:13:54.460: [INFO] CurrentProfilePath: C:\Users\Dmaity\Desktop\asphalt\edge-cdp-race-2\Default
2026-09-27 11:13:54.460: [INFO] Profiles total count: 1
2026-09-27 11:13:54.460: [INFO] Profile: name=Profile 1 path=C:\Users\Dmaity\Desktop\asphalt\edge-cdp-race-2\Default lastActive=null
2026-09-27 11:13:54.460: [INFO] LastUsedProfileDir: C:\Users\Dmaity\Desktop\asphalt\edge-cdp-race-2\Default
2026-09-27 11:13:54.460: [INFO] VisibilityChanged: 0
2026-09-27 11:13:54.484: [INFO] RecordSyncInitDuration has_sync_been_enabled: 0 state: 0
2026-09-27 11:13:54.487: [INFO] RecordSyncInitDuration has_sync_been_enabled: 0 state: 0
2026-09-27 11:13:54.489: [INFO] RecordSyncInitDuration has_sync_been_enabled: 0 state: 0
2026-09-27 11:13:54.492: [INFO] RecordSyncInitDuration has_sync_been_enabled: 0 state: 0
2026-09-27 11:13:54.494: [INFO] RecordSyncInitDuration has_sync_been_enabled: 0 state: 0
2026-09-27 11:13:54.496: [INFO] RecordSyncInitDuration has_sync_been_enabled: 0 state: 0
2026-09-27 11:13:54.498: [INFO] RecordSyncInitDuration has_sync_been_enabled: 0 state: 0
2026-09-27 11:13:54.500: [INFO] RecordSyncInitDuration has_sync_been_enabled: 0 state: 0
2026-09-27 11:13:54.503: [INFO] RecordSyncInitDuration has_sync_been_enabled: 0 state: 0
2026-09-27 11:13:54.505: [INFO] RecordSyncInitDuration has_sync_been_enabled: 0 state: 0
2026-09-27 11:13:54.528: [INFO] BookmarkNodeAdded, ABU: 0
2026-09-27 11:13:54.529: [INFO] BookmarkNodeAdded, ABU: 0
2026-09-27 11:13:54.530: [INFO] BookmarkNodeAdded, ABU: 0
2026-09-27 11:13:54.531: [INFO] BookmarkNodeAdded, ABU: 0
2026-09-27 11:13:54.531: [INFO] OnDoneLoading sync enabled: 0
2026-09-27 11:13:54.531: [INFO] BookmarkModelLoaded, ids_reassigned: 0
2026-09-27 11:13:54.531: [INFO] BookmarksLoadDropped droppedNodes=0
2026-09-27 11:13:54.531: [INFO] BookmarksSnapshot Startup total=4 bar=4 other=0 mobile=0 showBar=0 showBarNTP=1
2026-09-27 11:13:54.542: [INFO] RecordSyncInitDuration has_sync_been_enabled: 0 state: 0
